// Jest Snapshot v1, https://jestjs.io/docs/snapshot-testing

exports[`TypeScript stack snapshot 1`] = `
{
  "Parameters": {
    "BootstrapVersion": {
      "Default": "/cdk-bootstrap/hnb659fds/version",
      "Description": "Version of the CDK Bootstrap resources in this environment, automatically retrieved from SSM Parameter Store. [cdk:skip]",
      "Type": "AWS::SSM::Parameter::Value<String>",
    },
  },
  "Resources": {
    "BlankTypescriptA74BC332": {
      "DependsOn": [
        "BlankTypescriptServiceRoleD38757B6",
      ],
      "Properties": {
        "Architectures": [
          "arm64",
        ],
        "Code": {
          "S3Bucket": "cdk-hnb659fds-assets-140966923789-eu-central-1",
          "S3Key": 64-byte-asset-hash-removed.zip,
        },
        "Description": "Blank Lambda template using Typescript",
        "FunctionName": "blank-typescript-template",
        "Handler": "index.handler",
        "LoggingConfig": {
          "ApplicationLogLevel": "DEBUG",
          "LogFormat": "JSON",
          "SystemLogLevel": "INFO",
        },
        "MemorySize": 512,
        "Role": {
          "Fn::GetAtt": [
            "BlankTypescriptServiceRoleD38757B6",
            "Arn",
          ],
        },
        "Runtime": "nodejs22.x",
        "Timeout": 15,
      },
      "Type": "AWS::Lambda::Function",
    },
    "BlankTypescriptServiceRoleD38757B6": {
      "Properties": {
        "AssumeRolePolicyDocument": {
          "Statement": [
            {
              "Action": "sts:AssumeRole",
              "Effect": "Allow",
              "Principal": {
                "Service": "lambda.amazonaws.com",
              },
            },
          ],
          "Version": "2012-10-17",
        },
        "ManagedPolicyArns": [
          {
            "Fn::Join": [
              "",
              [
                "arn:",
                {
                  "Ref": "AWS::Partition",
                },
                ":iam::aws:policy/service-role/AWSLambdaBasicExecutionRole",
              ],
            ],
          },
        ],
      },
      "Type": "AWS::IAM::Role",
    },
  },
  "Rules": {
    "CheckBootstrapVersion": {
      "Assertions": [
        {
          "Assert": {
            "Fn::Not": [
              {
                "Fn::Contains": [
                  [
                    "1",
                    "2",
                    "3",
                    "4",
                    "5",
                  ],
                  {
                    "Ref": "BootstrapVersion",
                  },
                ],
              },
            ],
          },
          "AssertDescription": "CDK bootstrap stack version 6 required. Please run 'cdk bootstrap' with a recent version of the CDK CLI.",
        },
      ],
    },
  },
}
`;
